This is pdfTeX, Version 3.141592653-2.6-1.40.24 (TeX Live 2022) (preloaded format=pdflatex 2022.7.7)  7 NOV 2024 19:52
entering extended mode
 \write18 enabled.
 file:line:error style messages enabled.
 %&-line parsing enabled.
**delta.sty
(./delta.sty
LaTeX2e <2022-06-01> patch level 5
L3 programming layer <2022-07-04>

LaTeX Warning: You have requested package `',
               but the package provides `delta'.

Package: delta 2016/02/22 Delta

./delta.sty:3: LaTeX Error: \usepackage before \documentclass.

See the LaTeX manual or LaTeX Companion for explanation.
Type  H <return>  for immediate help.
 ...                                              
                                                  
l.3 \usepackage[Euler]{
                       upgreek}
? x
 
Here is how much of TeX's memory you used:
 19 strings out of 478024
 525 string characters out of 5838710
 298152 words of memory out of 5000000
 18571 multiletter control sequences out of 15000+600000
 469259 words of font info for 28 fonts, out of 8000000 for 9000
 1141 hyphenation exceptions out of 8191
 13i,0n,12p,82b,14s stack positions out of 10000i,1000n,20000p,200000b,200000s
No pages of output.
PDF statistics:
 0 PDF objects out of 1000 (max. 8388607)
 0 named destinations out of 1000 (max. 500000)
 1 words of extra memory for PDF output out of 10000 (max. 10000000)

